// Jest Snapshot v1, https://goo.gl/fbAQLP

exports[`<ForgottenPassword /> component basic rendering should match the snapshot 1`] = `
<sharedComponents__Wrapper>
  <sharedComponents__Title>
    Forgotten your password?
  </sharedComponents__Title>
  <sharedComponents__Subtitle>
    Pop your email address in below and in return weâ€™ll send you a password reset link!
  </sharedComponents__Subtitle>
  <TextInput
    handleChange={[Function]}
    isPasswordInput={false}
    isValid={true}
    label="Email address"
    validationMessage="Enter a valid email address"
    value=""
  />
  <sharedComponents__StyledRecaptcha
    handleExpiredRecaptcha={[Function]}
    handleRecaptcha={[Function]}
    id="forgotten-password"
  />
  <ForgottenPassword__Footer>
    <Button
      data-el="cancel-button"
      data-key=""
      inverse={false}
      onClick={[Function]}
      variant="secondary"
    >
      Cancel
    </Button>
    <ForgottenPassword__SubmitButton
      data-el="submit-button"
    >
      Submit
    </ForgottenPassword__SubmitButton>
  </ForgottenPassword__Footer>
</sharedComponents__Wrapper>
`;
